// Jest Snapshot v1, https://goo.gl/fbAQLP

exports[`babel-preset-optimize should pass a smoke test 1`] = `"const x = 1;"`;
